// Jest Snapshot v1, https://goo.gl/fbAQLP

exports[`Sectioned List tests snapshot 1`] = `
<View
  style={
    Object {
      "flex": 1,
    }
  }
>
  <RCTScrollView
    data={
      Array [
        Object {
          "data": Array [
            Object {
              "key": [Function],
              "name": "Body 1",
            },
            Object {
              "key": [Function],
              "name": "Body 2",
            },
            Object {
              "key": [Function],
              "name": "Body 3",
            },
          ],
          "header": Object {
            "key": [Function],
            "name": "Heading 1",
          },
        },
        Object {
          "data": Array [
            Object {
              "key": [Function],
              "name": "Body 4",
            },
            Object {
              "key": [Function],
              "name": "Body 5",
            },
          ],
          "header": Object {
            "key": [Function],
            "name": "Heading 2",
          },
        },
        Object {
          "data": Array [
            Object {
              "key": [Function],
              "name": "Body 6",
            },
            Object {
              "key": [Function],
              "name": "Body 7",
            },
          ],
          "header": Object {
            "key": [Function],
            "name": "Heading 3",
          },
        },
      ]
    }
    getItem={[Function]}
    getItemCount={[Function]}
    keyExtractor={[Function]}
    nestedScrollEnabled={false}
    onContentSizeChange={[Function]}
    onLayout={[Function]}
    onMomentumScrollBegin={[Function]}
    onMomentumScrollEnd={[Function]}
    onScroll={[Function]}
    onScrollBeginDrag={[Function]}
    onScrollEndDrag={[Function]}
    onScrollToIndexFailed={[Function]}
    refreshing={false}
    renderItem={[Function]}
    scrollEventThrottle={50}
    stickyHeaderIndices={
      Array [
        0,
        5,
        9,
      ]
    }
  >
    <View>
      <View
        onLayout={[Function]}
        style={null}
      >
        <View
          style={
            Object {
              "flexDirection": "column",
            }
          }
        >
          <View
            accessible={true}
            collapsable={false}
            focusable={true}
            onBlur={[Function]}
            onClick={[Function]}
            onFocus={[Function]}
            onResponderGrant={[Function]}
            onResponderMove={[Function]}
            onResponderRelease={[Function]}
            onResponderTerminate={[Function]}
            onResponderTerminationRequest={[Function]}
            onStartShouldSetResponder={[Function]}
          >
            <Text>
              Heading 1
            </Text>
          </View>
        </View>
      </View>
      <View
        onLayout={[Function]}
        style={null}
      >
        <Text>
          Body 1
        </Text>
      </View>
      <View
        onLayout={[Function]}
        style={null}
      >
        <Text>
          Body 2
        </Text>
      </View>
      <View
        onLayout={[Function]}
        style={null}
      >
        <Text>
          Body 3
        </Text>
      </View>
      <View
        onLayout={[Function]}
        style={null}
      >
        <View
          style={
            Object {
              "height": 16,
            }
          }
        />
      </View>
      <View
        onLayout={[Function]}
        style={null}
      >
        <View
          style={
            Object {
              "flexDirection": "column",
            }
          }
        >
          <View
            accessible={true}
            collapsable={false}
            focusable={true}
            onBlur={[Function]}
            onClick={[Function]}
            onFocus={[Function]}
            onResponderGrant={[Function]}
            onResponderMove={[Function]}
            onResponderRelease={[Function]}
            onResponderTerminate={[Function]}
            onResponderTerminationRequest={[Function]}
            onStartShouldSetResponder={[Function]}
          >
            <Text>
              Heading 2
            </Text>
          </View>
        </View>
      </View>
      <View
        onLayout={[Function]}
        style={null}
      />
      <View
        onLayout={[Function]}
        style={null}
      />
      <View
        onLayout={[Function]}
        style={null}
      >
        <View
          style={
            Object {
              "height": 16,
            }
          }
        />
      </View>
      <View
        onLayout={[Function]}
        style={null}
      >
        <View
          style={
            Object {
              "flexDirection": "column",
            }
          }
        >
          <View
            accessible={true}
            collapsable={false}
            focusable={true}
            onBlur={[Function]}
            onClick={[Function]}
            onFocus={[Function]}
            onResponderGrant={[Function]}
            onResponderMove={[Function]}
            onResponderRelease={[Function]}
            onResponderTerminate={[Function]}
            onResponderTerminationRequest={[Function]}
            onStartShouldSetResponder={[Function]}
          >
            <Text>
              Heading 3
            </Text>
          </View>
        </View>
      </View>
      <View
        style={
          Object {
            "height": 0,
          }
        }
      />
    </View>
  </RCTScrollView>
</View>
`;
