// Jest Snapshot v1, https://goo.gl/fbAQLP

exports[`snapshot testing 1`] = `
<View
  style={
    Object {
      "flex": 1,
    }
  }
>
  <View
    accessible={true}
    collapsable={false}
    focusable={true}
    nativeID="animatedComponent"
    onClick={[Function]}
    onResponderGrant={[Function]}
    onResponderMove={[Function]}
    onResponderRelease={[Function]}
    onResponderTerminate={[Function]}
    onResponderTerminationRequest={[Function]}
    onStartShouldSetResponder={[Function]}
    style={
      Object {
        "opacity": 1,
      }
    }
    testID="accordion-header"
  >
    <View
      accessible={true}
      collapsable={false}
      focusable={false}
      nativeID="animatedComponent"
      onClick={[Function]}
      onResponderGrant={[Function]}
      onResponderMove={[Function]}
      onResponderRelease={[Function]}
      onResponderTerminate={[Function]}
      onResponderTerminationRequest={[Function]}
      onStartShouldSetResponder={[Function]}
      style={
        Object {
          "opacity": 1,
        }
      }
      testID="header-click"
    >
      <Text
        numberOfLines={1}
        style={
          Array [
            Object {
              "fontFamily": "ProximaNova-Regular",
            },
            Object {
              "color": "#171717",
              "fontSize": 27,
            },
            Object {
              "lineHeight": 42,
            },
            undefined,
          ]
        }
      >
        Sub Title
      </Text>
    </View>
  </View>
  <View
    testID="accordion-body"
  />
</View>
`;
